###############################################################################
#
# IAR ELF Linker V9.50.1.380/W64 for ARM                  07/Feb/2025  15:13:29
# Copyright 2007-2023 IAR Systems AB.
#
#    Output file  =
#        C:\Projects\Meteo-ESP32\IAR_TEST\EWARM\IAR_TEST\Exe\IAR_TEST.out
#    Map file     =
#        C:\Projects\Meteo-ESP32\IAR_TEST\EWARM\IAR_TEST\List\IAR_TEST.map
#    Command line =
#        -f
#        C:\Projects\Meteo-ESP32\IAR_TEST\EWARM\IAR_TEST\Exe\IAR_TEST.out.rsp
#        (C:\Projects\Meteo-ESP32\IAR_TEST\EWARM\IAR_TEST\Obj\libTest_584114114676453593.dir\libb.o
#        C:\Projects\Meteo-ESP32\IAR_TEST\EWARM\IAR_TEST\Obj\Core_13247989168731456611.dir\main.o
#        C:\Projects\Meteo-ESP32\IAR_TEST\EWARM\IAR_TEST\Obj\EWARM_18443280873093131863.dir\startup_stm32f407xx.o
#        C:\Projects\Meteo-ESP32\IAR_TEST\EWARM\IAR_TEST\Obj\STM32F4xx_HAL_Driver_1244631019742807970.dir\stm32f4xx_hal.o
#        C:\Projects\Meteo-ESP32\IAR_TEST\EWARM\IAR_TEST\Obj\STM32F4xx_HAL_Driver_1244631019742807970.dir\stm32f4xx_hal_cortex.o
#        C:\Projects\Meteo-ESP32\IAR_TEST\EWARM\IAR_TEST\Obj\STM32F4xx_HAL_Driver_1244631019742807970.dir\stm32f4xx_hal_dma.o
#        C:\Projects\Meteo-ESP32\IAR_TEST\EWARM\IAR_TEST\Obj\STM32F4xx_HAL_Driver_1244631019742807970.dir\stm32f4xx_hal_dma_ex.o
#        C:\Projects\Meteo-ESP32\IAR_TEST\EWARM\IAR_TEST\Obj\STM32F4xx_HAL_Driver_1244631019742807970.dir\stm32f4xx_hal_exti.o
#        C:\Projects\Meteo-ESP32\IAR_TEST\EWARM\IAR_TEST\Obj\STM32F4xx_HAL_Driver_1244631019742807970.dir\stm32f4xx_hal_flash.o
#        C:\Projects\Meteo-ESP32\IAR_TEST\EWARM\IAR_TEST\Obj\STM32F4xx_HAL_Driver_1244631019742807970.dir\stm32f4xx_hal_flash_ex.o
#        C:\Projects\Meteo-ESP32\IAR_TEST\EWARM\IAR_TEST\Obj\STM32F4xx_HAL_Driver_1244631019742807970.dir\stm32f4xx_hal_flash_ramfunc.o
#        C:\Projects\Meteo-ESP32\IAR_TEST\EWARM\IAR_TEST\Obj\STM32F4xx_HAL_Driver_1244631019742807970.dir\stm32f4xx_hal_gpio.o
#        C:\Projects\Meteo-ESP32\IAR_TEST\EWARM\IAR_TEST\Obj\Core_13247989168731456611.dir\stm32f4xx_hal_msp.o
#        C:\Projects\Meteo-ESP32\IAR_TEST\EWARM\IAR_TEST\Obj\STM32F4xx_HAL_Driver_1244631019742807970.dir\stm32f4xx_hal_pwr.o
#        C:\Projects\Meteo-ESP32\IAR_TEST\EWARM\IAR_TEST\Obj\STM32F4xx_HAL_Driver_1244631019742807970.dir\stm32f4xx_hal_pwr_ex.o
#        C:\Projects\Meteo-ESP32\IAR_TEST\EWARM\IAR_TEST\Obj\STM32F4xx_HAL_Driver_1244631019742807970.dir\stm32f4xx_hal_rcc.o
#        C:\Projects\Meteo-ESP32\IAR_TEST\EWARM\IAR_TEST\Obj\STM32F4xx_HAL_Driver_1244631019742807970.dir\stm32f4xx_hal_rcc_ex.o
#        C:\Projects\Meteo-ESP32\IAR_TEST\EWARM\IAR_TEST\Obj\STM32F4xx_HAL_Driver_1244631019742807970.dir\stm32f4xx_hal_tim.o
#        C:\Projects\Meteo-ESP32\IAR_TEST\EWARM\IAR_TEST\Obj\STM32F4xx_HAL_Driver_1244631019742807970.dir\stm32f4xx_hal_tim_ex.o
#        C:\Projects\Meteo-ESP32\IAR_TEST\EWARM\IAR_TEST\Obj\Core_13247989168731456611.dir\stm32f4xx_it.o
#        C:\Projects\Meteo-ESP32\IAR_TEST\EWARM\IAR_TEST\Obj\CMSIS_6603591812247902717.dir\system_stm32f4xx.o
#        --no_out_extension -o
#        C:\Projects\Meteo-ESP32\IAR_TEST\EWARM\IAR_TEST\Exe\IAR_TEST.out
#        --redirect _Printf=_PrintfFullNoMb --redirect _Scanf=_ScanfFullNoMb
#        --map
#        C:\Projects\Meteo-ESP32\IAR_TEST\EWARM\IAR_TEST\List\IAR_TEST.map
#        --config C:\Projects\Meteo-ESP32\IAR_TEST\EWARM\stm32f407xx_flash.icf
#        --semihosting --entry __iar_program_start --vfe --text_out locale
#        --cpu=Cortex-M4 --fpu=VFPv4_sp) --dependencies=n
#        C:\Projects\Meteo-ESP32\IAR_TEST\EWARM\IAR_TEST\Exe\IAR_TEST.out.iar_deps
#
###############################################################################

*******************************************************************************
*** RUNTIME MODEL ATTRIBUTES
***

CppFlavor       = *
__CPP_Runtime   = 1
__SystemLibrary = DLib
__dlib_version  = 6


*******************************************************************************
*** HEAP SELECTION
***

The basic heap was selected because --advanced_heap
was not specified and the application did not appear to
be primarily optimized for speed.


*******************************************************************************
*** PLACEMENT SUMMARY
***

"A0":  place at address 0x800'0000 { ro section .intvec };
"P1":  place in [from 0x800'0000 to 0x80f'ffff] { ro };
define block CSTACK with size = 1K, alignment = 8 { };
define block HEAP with size = 512, alignment = 8 { };
"P2":  place in [from 0x2000'0000 to 0x2001'ffff] {
          rw, block CSTACK, block HEAP };
initialize by copy { rw };

  Section            Kind         Address  Aligment   Size  Object
  -------            ----         -------  --------   ----  ------
"A0":                                                0x188
  .intvec            ro code   0x800'0000         4  0x188  startup_stm32f407xx.o [3]
                             - 0x800'0188            0x188

"P1":                                                0xd00
  .text              ro code   0x800'0188         4  0x314  stm32f4xx_hal_rcc.o [4]
  .text              ro code   0x800'049c         4    0xc  stm32f4xx_hal.o [4]
  .text              ro code   0x800'04a8         4  0x204  stm32f4xx_hal_gpio.o [4]
  .text              ro code   0x800'06ac         4  0x122  main.o [2]
  .text              ro code   0x800'07ce         2   0x2a  copy_init3.o [8]
  .text              ro code   0x800'07f8         4   0x34  stm32f4xx_hal.o [4]
  .text              ro code   0x800'082c         4   0x28  stm32f4xx_hal.o [4]
  .text              ro code   0x800'0854         2    0x4  libb.o [5]
  .text              ro code   0x800'0858         4   0x12  ABImemset_small.o [8]
  .text              ro code   0x800'086c         4  0x120  stm32f4xx_hal_rcc.o [4]
  .text              ro code   0x800'098c         4   0xa4  stm32f4xx_hal_cortex.o [4]
  .text              ro code   0x800'0a30         4   0x40  stm32f4xx_hal.o [4]
  .text              ro code   0x800'0a70         4   0x38  stm32f4xx_hal_msp.o [2]
  .text              ro code   0x800'0aa8         4   0x60  stm32f4xx_hal_rcc.o [4]
  .text              ro code   0x800'0b08         4  0x106  I64DivMod_small.o [8]
  .text              ro code   0x800'0c10         4    0x2  I64DivZer.o [8]
  .text              ro code   0x800'0c14         4   0x2a  data_init.o [8]
  .text              ro code   0x800'0c40         4   0x22  fpinit_M.o [7]
  .iar.init_table    const     0x800'0c64         4   0x14  - Linker created -
  .text              ro code   0x800'0c78         4   0x20  system_stm32f4xx.o [1]
  .text              ro code   0x800'0c98         4   0x1e  cmain.o [8]
  .text              ro code   0x800'0cb6         2    0x4  low_level_init.o [6]
  .text              ro code   0x800'0cba         2    0x4  exit.o [6]
  .text              ro code   0x800'0cc0         4    0xa  cexit.o [8]
  .text              ro code   0x800'0ccc         4   0x14  exit.o [9]
  .text              ro code   0x800'0ce0         4   0x1c  cstartup_M.o [8]
  .text              ro code   0x800'0cfc         2   0x14  stm32f4xx_it.o [2]
  .text              ro code   0x800'0d10         4   0x10  stm32f4xx_hal.o [4]
  Initializer bytes  const     0x800'0d20         4   0x14  <for P2-1>
  .text              ro code   0x800'0d34         4   0x10  startup_stm32f407xx.o [3]
  .text              ro code   0x800'0d44         2    0x4  startup_stm32f407xx.o [3]
  .text              ro code   0x800'0d48         2    0x4  startup_stm32f407xx.o [3]
  .text              ro code   0x800'0d4c         2    0x4  startup_stm32f407xx.o [3]
  .text              ro code   0x800'0d50         2    0x4  startup_stm32f407xx.o [3]
  .text              ro code   0x800'0d54         2    0x4  startup_stm32f407xx.o [3]
  .text              ro code   0x800'0d58         2    0x4  startup_stm32f407xx.o [3]
  .text              ro code   0x800'0d5c         2    0x4  startup_stm32f407xx.o [3]
  .text              ro code   0x800'0d60         2    0x4  startup_stm32f407xx.o [3]
  .text              ro code   0x800'0d64         2    0x4  startup_stm32f407xx.o [3]
  .text              ro code   0x800'0d68         2    0x4  startup_stm32f407xx.o [3]
  .text              ro code   0x800'0d6c         2    0x4  startup_stm32f407xx.o [3]
  .text              ro code   0x800'0d70         2    0x4  startup_stm32f407xx.o [3]
  .text              ro code   0x800'0d74         2    0x4  startup_stm32f407xx.o [3]
  .text              ro code   0x800'0d78         2    0x4  startup_stm32f407xx.o [3]
  .text              ro code   0x800'0d7c         2    0x4  startup_stm32f407xx.o [3]
  .text              ro code   0x800'0d80         2    0x4  startup_stm32f407xx.o [3]
  .text              ro code   0x800'0d84         2    0x4  startup_stm32f407xx.o [3]
  .text              ro code   0x800'0d88         2    0x4  startup_stm32f407xx.o [3]
  .text              ro code   0x800'0d8c         2    0x4  startup_stm32f407xx.o [3]
  .text              ro code   0x800'0d90         2    0x4  startup_stm32f407xx.o [3]
  .text              ro code   0x800'0d94         2    0x4  startup_stm32f407xx.o [3]
  .text              ro code   0x800'0d98         2    0x4  startup_stm32f407xx.o [3]
  .text              ro code   0x800'0d9c         2    0x4  startup_stm32f407xx.o [3]
  .text              ro code   0x800'0da0         2    0x4  startup_stm32f407xx.o [3]
  .text              ro code   0x800'0da4         2    0x4  startup_stm32f407xx.o [3]
  .text              ro code   0x800'0da8         2    0x4  startup_stm32f407xx.o [3]
  .text              ro code   0x800'0dac         2    0x4  startup_stm32f407xx.o [3]
  .text              ro code   0x800'0db0         2    0x4  startup_stm32f407xx.o [3]
  .text              ro code   0x800'0db4         2    0x4  startup_stm32f407xx.o [3]
  .text              ro code   0x800'0db8         2    0x4  startup_stm32f407xx.o [3]
  .text              ro code   0x800'0dbc         2    0x4  startup_stm32f407xx.o [3]
  .text              ro code   0x800'0dc0         2    0x4  startup_stm32f407xx.o [3]
  .text              ro code   0x800'0dc4         2    0x4  startup_stm32f407xx.o [3]
  .text              ro code   0x800'0dc8         2    0x4  startup_stm32f407xx.o [3]
  .text              ro code   0x800'0dcc         2    0x4  startup_stm32f407xx.o [3]
  .text              ro code   0x800'0dd0         2    0x4  startup_stm32f407xx.o [3]
  .text              ro code   0x800'0dd4         2    0x4  startup_stm32f407xx.o [3]
  .text              ro code   0x800'0dd8         2    0x4  startup_stm32f407xx.o [3]
  .text              ro code   0x800'0ddc         2    0x4  startup_stm32f407xx.o [3]
  .text              ro code   0x800'0de0         2    0x4  startup_stm32f407xx.o [3]
  .text              ro code   0x800'0de4         2    0x4  startup_stm32f407xx.o [3]
  .text              ro code   0x800'0de8         2    0x4  startup_stm32f407xx.o [3]
  .text              ro code   0x800'0dec         2    0x4  startup_stm32f407xx.o [3]
  .text              ro code   0x800'0df0         2    0x4  startup_stm32f407xx.o [3]
  .text              ro code   0x800'0df4         2    0x4  startup_stm32f407xx.o [3]
  .text              ro code   0x800'0df8         2    0x4  startup_stm32f407xx.o [3]
  .text              ro code   0x800'0dfc         2    0x4  startup_stm32f407xx.o [3]
  .text              ro code   0x800'0e00         2    0x4  startup_stm32f407xx.o [3]
  .text              ro code   0x800'0e04         2    0x4  startup_stm32f407xx.o [3]
  .text              ro code   0x800'0e08         2    0x4  startup_stm32f407xx.o [3]
  .text              ro code   0x800'0e0c         2    0x4  startup_stm32f407xx.o [3]
  .text              ro code   0x800'0e10         2    0x4  startup_stm32f407xx.o [3]
  .text              ro code   0x800'0e14         2    0x4  startup_stm32f407xx.o [3]
  .text              ro code   0x800'0e18         2    0x4  startup_stm32f407xx.o [3]
  .text              ro code   0x800'0e1c         2    0x4  startup_stm32f407xx.o [3]
  .text              ro code   0x800'0e20         2    0x4  startup_stm32f407xx.o [3]
  .text              ro code   0x800'0e24         2    0x4  startup_stm32f407xx.o [3]
  .text              ro code   0x800'0e28         2    0x4  startup_stm32f407xx.o [3]
  .text              ro code   0x800'0e2c         2    0x4  startup_stm32f407xx.o [3]
  .text              ro code   0x800'0e30         2    0x4  startup_stm32f407xx.o [3]
  .text              ro code   0x800'0e34         2    0x4  startup_stm32f407xx.o [3]
  .text              ro code   0x800'0e38         2    0x4  startup_stm32f407xx.o [3]
  .text              ro code   0x800'0e3c         2    0x4  startup_stm32f407xx.o [3]
  .text              ro code   0x800'0e40         2    0x4  startup_stm32f407xx.o [3]
  .text              ro code   0x800'0e44         2    0x4  startup_stm32f407xx.o [3]
  .text              ro code   0x800'0e48         2    0x4  startup_stm32f407xx.o [3]
  .text              ro code   0x800'0e4c         2    0x4  startup_stm32f407xx.o [3]
  .text              ro code   0x800'0e50         2    0x4  startup_stm32f407xx.o [3]
  .text              ro code   0x800'0e54         2    0x4  startup_stm32f407xx.o [3]
  .text              ro code   0x800'0e58         2    0x4  startup_stm32f407xx.o [3]
  .text              ro code   0x800'0e5c         2    0x4  startup_stm32f407xx.o [3]
  .text              ro code   0x800'0e60         2    0x4  startup_stm32f407xx.o [3]
  .text              ro code   0x800'0e64         2    0x4  startup_stm32f407xx.o [3]
  .text              ro code   0x800'0e68         2    0x4  startup_stm32f407xx.o [3]
  .text              ro code   0x800'0e6c         2    0x4  startup_stm32f407xx.o [3]
  .text              ro code   0x800'0e70         2    0x4  startup_stm32f407xx.o [3]
  .text              ro code   0x800'0e74         2    0x4  startup_stm32f407xx.o [3]
  .text              ro code   0x800'0e78         2    0x4  startup_stm32f407xx.o [3]
  .text              ro code   0x800'0e7c         2    0x4  startup_stm32f407xx.o [3]
  .text              ro code   0x800'0e80         2    0x4  startup_stm32f407xx.o [3]
  .text              ro code   0x800'0e84         2    0x4  startup_stm32f407xx.o [3]
  .rodata            const     0x800'0e88              0x0  copy_init3.o [8]
                             - 0x800'0e88            0xd00

"P2", part 1 of 2:                                    0x14
  P2-1                        0x2000'0000         4   0x14  <Init block>
    .data            inited   0x2000'0000         4    0xc  stm32f4xx_hal.o [4]
    .data            inited   0x2000'000c         4    0x4  system_stm32f4xx.o [1]
    .bss             inited   0x2000'0010         4    0x4  main.o [2]
                            - 0x2000'0014             0x14

"P2", part 2 of 2:                                   0x400
  CSTACK                      0x2000'0018         8  0x400  <Block>
    CSTACK           uninit   0x2000'0018            0x400  <Block tail>
                            - 0x2000'0418            0x400

Unused ranges:

         From           To      Size
         ----           --      ----
   0x800'0e88   0x80f'ffff  0xf'f178
  0x2000'0014  0x2000'0017       0x4
  0x2000'0418  0x2001'ffff  0x1'fbe8


*******************************************************************************
*** INIT TABLE
***

          Address      Size
          -------      ----
Copy (__iar_copy_init3)
    1 source range, total size 0x14:
           0x800'0d20  0x14
    1 destination range, total size 0x14:
          0x2000'0000  0x14



*******************************************************************************
*** MODULE SUMMARY
***

    Module                  ro code  ro data  rw data
    ------                  -------  -------  -------
command line/config:
    -------------------------------------------------
    Total:

C:\Projects\Meteo-ESP32\IAR_TEST\EWARM\IAR_TEST\Obj\CMSIS_6603591812247902717.dir: [1]
    system_stm32f4xx.o           32        4        4
    -------------------------------------------------
    Total:                       32        4        4

C:\Projects\Meteo-ESP32\IAR_TEST\EWARM\IAR_TEST\Obj\Core_13247989168731456611.dir: [2]
    main.o                      290        4        4
    stm32f4xx_hal_msp.o          56
    stm32f4xx_it.o               20
    -------------------------------------------------
    Total:                      366        4        4

C:\Projects\Meteo-ESP32\IAR_TEST\EWARM\IAR_TEST\Obj\EWARM_18443280873093131863.dir: [3]
    startup_stm32f407xx.o       732
    -------------------------------------------------
    Total:                      732

C:\Projects\Meteo-ESP32\IAR_TEST\EWARM\IAR_TEST\Obj\STM32F4xx_HAL_Driver_1244631019742807970.dir: [4]
    stm32f4xx_hal.o             184       12       12
    stm32f4xx_hal_cortex.o      164
    stm32f4xx_hal_gpio.o        516
    stm32f4xx_hal_rcc.o       1'172
    -------------------------------------------------
    Total:                    2'036       12       12

C:\Projects\Meteo-ESP32\IAR_TEST\EWARM\IAR_TEST\Obj\libTest_584114114676453593.dir: [5]
    libb.o                        4
    -------------------------------------------------
    Total:                        4

dl7M_tln.a: [6]
    exit.o                        4
    low_level_init.o              4
    -------------------------------------------------
    Total:                        8

m7M_tls.a: [7]
    fpinit_M.o                   34
    -------------------------------------------------
    Total:                       34

rt7M_tl.a: [8]
    ABImemset_small.o            18
    I64DivMod_small.o           262
    I64DivZer.o                   2
    cexit.o                      10
    cmain.o                      30
    copy_init3.o                 42
    cstartup_M.o                 28
    data_init.o                  42
    -------------------------------------------------
    Total:                      434

shb_l.a: [9]
    exit.o                       20
    -------------------------------------------------
    Total:                       20

    Gaps                         12        2
    Linker created                        20    1'024
-----------------------------------------------------
    Grand Total:              3'678       42    1'044


*******************************************************************************
*** ENTRY LIST
***

Entry                       Address   Size  Type      Object
-----                       -------   ----  ----      ------
.iar.init_table$$Base    0x800'0c64          --   Gb  - Linker created -
.iar.init_table$$Limit   0x800'0c78          --   Gb  - Linker created -
?main                    0x800'0c99         Code  ??  cmain.o [8]
ADC_IRQHandler           0x800'0d8d         Code  Wk  startup_stm32f407xx.o [3]
AHBPrescTable            0x800'0c88   0x10  Data  ??  system_stm32f4xx.o [1]
BusFault_Handler         0x800'0d03    0x2  Code  ??  stm32f4xx_it.o [2]
CAN1_RX0_IRQHandler      0x800'0d95         Code  Wk  startup_stm32f407xx.o [3]
CAN1_RX1_IRQHandler      0x800'0d99         Code  Wk  startup_stm32f407xx.o [3]
CAN1_SCE_IRQHandler      0x800'0d9d         Code  Wk  startup_stm32f407xx.o [3]
CAN1_TX_IRQHandler       0x800'0d91         Code  Wk  startup_stm32f407xx.o [3]
CAN2_RX0_IRQHandler      0x800'0e45         Code  Wk  startup_stm32f407xx.o [3]
CAN2_RX1_IRQHandler      0x800'0e49         Code  Wk  startup_stm32f407xx.o [3]
CAN2_SCE_IRQHandler      0x800'0e4d         Code  Wk  startup_stm32f407xx.o [3]
CAN2_TX_IRQHandler       0x800'0e41         Code  Wk  startup_stm32f407xx.o [3]
CSTACK$$Base            0x2000'0018          --   Gb  - Linker created -
CSTACK$$Limit           0x2000'0418          --   ??  - Linker created -
DCMI_IRQHandler          0x800'0e7d         Code  Wk  startup_stm32f407xx.o [3]
DMA1_Stream0_IRQHandler
                         0x800'0d71         Code  Wk  startup_stm32f407xx.o [3]
DMA1_Stream1_IRQHandler
                         0x800'0d75         Code  Wk  startup_stm32f407xx.o [3]
DMA1_Stream2_IRQHandler
                         0x800'0d79         Code  Wk  startup_stm32f407xx.o [3]
DMA1_Stream3_IRQHandler
                         0x800'0d7d         Code  Wk  startup_stm32f407xx.o [3]
DMA1_Stream4_IRQHandler
                         0x800'0d81         Code  Wk  startup_stm32f407xx.o [3]
DMA1_Stream5_IRQHandler
                         0x800'0d85         Code  Wk  startup_stm32f407xx.o [3]
DMA1_Stream6_IRQHandler
                         0x800'0d89         Code  Wk  startup_stm32f407xx.o [3]
DMA1_Stream7_IRQHandler
                         0x800'0e01         Code  Wk  startup_stm32f407xx.o [3]
DMA2_Stream0_IRQHandler
                         0x800'0e25         Code  Wk  startup_stm32f407xx.o [3]
DMA2_Stream1_IRQHandler
                         0x800'0e29         Code  Wk  startup_stm32f407xx.o [3]
DMA2_Stream2_IRQHandler
                         0x800'0e2d         Code  Wk  startup_stm32f407xx.o [3]
DMA2_Stream3_IRQHandler
                         0x800'0e31         Code  Wk  startup_stm32f407xx.o [3]
DMA2_Stream4_IRQHandler
                         0x800'0e35         Code  Wk  startup_stm32f407xx.o [3]
DMA2_Stream5_IRQHandler
                         0x800'0e55         Code  Wk  startup_stm32f407xx.o [3]
DMA2_Stream6_IRQHandler
                         0x800'0e59         Code  Wk  startup_stm32f407xx.o [3]
DMA2_Stream7_IRQHandler
                         0x800'0e5d         Code  Wk  startup_stm32f407xx.o [3]
DebugMon_Handler         0x800'0d09    0x2  Code  ??  stm32f4xx_it.o [2]
ETH_IRQHandler           0x800'0e39         Code  Wk  startup_stm32f407xx.o [3]
ETH_WKUP_IRQHandler      0x800'0e3d         Code  Wk  startup_stm32f407xx.o [3]
EXTI0_IRQHandler         0x800'0d5d         Code  Wk  startup_stm32f407xx.o [3]
EXTI15_10_IRQHandler     0x800'0de5         Code  Wk  startup_stm32f407xx.o [3]
EXTI1_IRQHandler         0x800'0d61         Code  Wk  startup_stm32f407xx.o [3]
EXTI2_IRQHandler         0x800'0d65         Code  Wk  startup_stm32f407xx.o [3]
EXTI3_IRQHandler         0x800'0d69         Code  Wk  startup_stm32f407xx.o [3]
EXTI4_IRQHandler         0x800'0d6d         Code  Wk  startup_stm32f407xx.o [3]
EXTI9_5_IRQHandler       0x800'0da1         Code  Wk  startup_stm32f407xx.o [3]
Error_Handler            0x800'07cb    0x4  Code  ??  main.o [2]
FLASH_IRQHandler         0x800'0d55         Code  Wk  startup_stm32f407xx.o [3]
FPU_IRQHandler           0x800'0e85         Code  Wk  startup_stm32f407xx.o [3]
FSMC_IRQHandler          0x800'0e05         Code  Wk  startup_stm32f407xx.o [3]
HAL_Delay                0x800'082d   0x28  Code  Wk  stm32f4xx_hal.o [4]
HAL_GPIO_Init            0x800'04a9  0x1be  Code  ??  stm32f4xx_hal_gpio.o [4]
HAL_GPIO_TogglePin       0x800'066f   0x10  Code  ??  stm32f4xx_hal_gpio.o [4]
HAL_GPIO_WritePin        0x800'0667    0x8  Code  ??  stm32f4xx_hal_gpio.o [4]
HAL_GetTick              0x800'049d    0xc  Code  Wk  stm32f4xx_hal.o [4]
HAL_IncTick              0x800'0d11   0x10  Code  Wk  stm32f4xx_hal.o [4]
HAL_Init                 0x800'07f9   0x30  Code  ??  stm32f4xx_hal.o [4]
HAL_InitTick             0x800'0a31   0x40  Code  Wk  stm32f4xx_hal.o [4]
HAL_MspInit              0x800'0a71   0x38  Code  ??  stm32f4xx_hal_msp.o [2]
HAL_NVIC_SetPriority     0x800'09bb   0x3e  Code  ??  stm32f4xx_hal_cortex.o [4]
HAL_NVIC_SetPriorityGrouping
                         0x800'09a7   0x14  Code  ??  stm32f4xx_hal_cortex.o [4]
HAL_RCC_ClockConfig      0x800'086d  0x100  Code  ??  stm32f4xx_hal_rcc.o [4]
HAL_RCC_GetSysClockFreq
                         0x800'0aa9   0x60  Code  Wk  stm32f4xx_hal_rcc.o [4]
HAL_RCC_OscConfig        0x800'0189  0x314  Code  Wk  stm32f4xx_hal_rcc.o [4]
HAL_SYSTICK_Config       0x800'09f9   0x22  Code  ??  stm32f4xx_hal_cortex.o [4]
HASH_RNG_IRQHandler      0x800'0e81         Code  Wk  startup_stm32f407xx.o [3]
HardFault_Handler        0x800'0cff    0x2  Code  ??  stm32f4xx_it.o [2]
I2C1_ER_IRQHandler       0x800'0dc5         Code  Wk  startup_stm32f407xx.o [3]
I2C1_EV_IRQHandler       0x800'0dc1         Code  Wk  startup_stm32f407xx.o [3]
I2C2_ER_IRQHandler       0x800'0dcd         Code  Wk  startup_stm32f407xx.o [3]
I2C2_EV_IRQHandler       0x800'0dc9         Code  Wk  startup_stm32f407xx.o [3]
I2C3_ER_IRQHandler       0x800'0e69         Code  Wk  startup_stm32f407xx.o [3]
I2C3_EV_IRQHandler       0x800'0e65         Code  Wk  startup_stm32f407xx.o [3]
MemManage_Handler        0x800'0d01    0x2  Code  ??  stm32f4xx_it.o [2]
NMI_Handler              0x800'0cfd    0x2  Code  ??  stm32f4xx_it.o [2]
OTG_FS_IRQHandler        0x800'0e51         Code  Wk  startup_stm32f407xx.o [3]
OTG_FS_WKUP_IRQHandler   0x800'0ded         Code  Wk  startup_stm32f407xx.o [3]
OTG_HS_EP1_IN_IRQHandler
                         0x800'0e71         Code  Wk  startup_stm32f407xx.o [3]
OTG_HS_EP1_OUT_IRQHandler
                         0x800'0e6d         Code  Wk  startup_stm32f407xx.o [3]
OTG_HS_IRQHandler        0x800'0e79         Code  Wk  startup_stm32f407xx.o [3]
OTG_HS_WKUP_IRQHandler   0x800'0e75         Code  Wk  startup_stm32f407xx.o [3]
PVD_IRQHandler           0x800'0d49         Code  Wk  startup_stm32f407xx.o [3]
PendSV_Handler           0x800'0d0b    0x2  Code  ??  stm32f4xx_it.o [2]
RCC_IRQHandler           0x800'0d59         Code  Wk  startup_stm32f407xx.o [3]
RTC_Alarm_IRQHandler     0x800'0de9         Code  Wk  startup_stm32f407xx.o [3]
RTC_WKUP_IRQHandler      0x800'0d51         Code  Wk  startup_stm32f407xx.o [3]
Region$$Table$$Base      0x800'0c64          --   ??  - Linker created -
Region$$Table$$Limit     0x800'0c78          --   ??  - Linker created -
Reset_Handler            0x800'0d35         Code  Wk  startup_stm32f407xx.o [3]
SDIO_IRQHandler          0x800'0e09         Code  Wk  startup_stm32f407xx.o [3]
SPI1_IRQHandler          0x800'0dd1         Code  Wk  startup_stm32f407xx.o [3]
SPI2_IRQHandler          0x800'0dd5         Code  Wk  startup_stm32f407xx.o [3]
SPI3_IRQHandler          0x800'0e11         Code  Wk  startup_stm32f407xx.o [3]
SVC_Handler              0x800'0d07    0x2  Code  ??  stm32f4xx_it.o [2]
SysTick_Handler          0x800'0d0d    0x4  Code  ??  stm32f4xx_it.o [2]
SystemClock_Config       0x800'072f   0x7c  Code  ??  main.o [2]
SystemCoreClock         0x2000'000c    0x4  Data  ??  system_stm32f4xx.o [1]
SystemInit               0x800'0c79    0xc  Code  ??  system_stm32f4xx.o [1]
TAMP_STAMP_IRQHandler    0x800'0d4d         Code  Wk  startup_stm32f407xx.o [3]
TIM1_BRK_TIM9_IRQHandler
                         0x800'0da5         Code  Wk  startup_stm32f407xx.o [3]
TIM1_CC_IRQHandler       0x800'0db1         Code  Wk  startup_stm32f407xx.o [3]
TIM1_TRG_COM_TIM11_IRQHandler
                         0x800'0dad         Code  Wk  startup_stm32f407xx.o [3]
TIM1_UP_TIM10_IRQHandler
                         0x800'0da9         Code  Wk  startup_stm32f407xx.o [3]
TIM2_IRQHandler          0x800'0db5         Code  Wk  startup_stm32f407xx.o [3]
TIM3_IRQHandler          0x800'0db9         Code  Wk  startup_stm32f407xx.o [3]
TIM4_IRQHandler          0x800'0dbd         Code  Wk  startup_stm32f407xx.o [3]
TIM5_IRQHandler          0x800'0e0d         Code  Wk  startup_stm32f407xx.o [3]
TIM6_DAC_IRQHandler      0x800'0e1d         Code  Wk  startup_stm32f407xx.o [3]
TIM7_IRQHandler          0x800'0e21         Code  Wk  startup_stm32f407xx.o [3]
TIM8_BRK_TIM12_IRQHandler
                         0x800'0df1         Code  Wk  startup_stm32f407xx.o [3]
TIM8_CC_IRQHandler       0x800'0dfd         Code  Wk  startup_stm32f407xx.o [3]
TIM8_TRG_COM_TIM14_IRQHandler
                         0x800'0df9         Code  Wk  startup_stm32f407xx.o [3]
TIM8_UP_TIM13_IRQHandler
                         0x800'0df5         Code  Wk  startup_stm32f407xx.o [3]
UART4_IRQHandler         0x800'0e15         Code  Wk  startup_stm32f407xx.o [3]
UART5_IRQHandler         0x800'0e19         Code  Wk  startup_stm32f407xx.o [3]
USART1_IRQHandler        0x800'0dd9         Code  Wk  startup_stm32f407xx.o [3]
USART2_IRQHandler        0x800'0ddd         Code  Wk  startup_stm32f407xx.o [3]
USART3_IRQHandler        0x800'0de1         Code  Wk  startup_stm32f407xx.o [3]
USART6_IRQHandler        0x800'0e61         Code  Wk  startup_stm32f407xx.o [3]
UsageFault_Handler       0x800'0d05    0x2  Code  ??  stm32f4xx_it.o [2]
WWDG_IRQHandler          0x800'0d45         Code  Wk  startup_stm32f407xx.o [3]
__NVIC_SetPriority       0x800'098d   0x1a  Code  Lc  stm32f4xx_hal_cortex.o [4]
__aeabi_ldiv0            0x800'0c11         Code  ??  I64DivZer.o [8]
__cmain                  0x800'0c99         Code  ??  cmain.o [8]
__exit                   0x800'0ccd   0x14  Code  ??  exit.o [9]
__iar_copy_init3         0x800'07cf   0x2a  Code  ??  copy_init3.o [8]
__iar_data_init3         0x800'0c15   0x18  Code  ??  data_init.o [8]
__iar_init_vfp           0x800'0c41         Code  ??  fpinit_M.o [7]
__iar_program_start      0x800'0ce1         Code  ??  cstartup_M.o [8]
__iar_small_Memset       0x800'0859         Code  ??  ABImemset_small.o [8]
__iar_small_Memset_word
                         0x800'0859         Code  ??  ABImemset_small.o [8]
__iar_small_memset       0x800'0859         Code  ??  ABImemset_small.o [8]
__iar_small_uldivmod     0x800'0b09         Code  ??  I64DivMod_small.o [8]
__low_level_init         0x800'0cb7    0x4  Code  ??  low_level_init.o [6]
__vector_table           0x800'0000         Data  ??  startup_stm32f407xx.o [3]
_call_main               0x800'0ca5         Code  ??  cmain.o [8]
_exit                    0x800'0cc1         Code  ??  cexit.o [8]
count                    0x800'0855    0x4  Code  ??  libb.o [5]
counter                 0x2000'0010    0x4  Data  ??  main.o [2]
exit                     0x800'0cbb    0x4  Code  ??  exit.o [6]
main                     0x800'06ad   0x82  Code  ??  main.o [2]
uwTick                  0x2000'0004    0x4  Data  ??  stm32f4xx_hal.o [4]
uwTickFreq              0x2000'0000    0x1  Data  ??  stm32f4xx_hal.o [4]
uwTickPrio              0x2000'0008    0x4  Data  ??  stm32f4xx_hal.o [4]


[1] = C:\Projects\Meteo-ESP32\IAR_TEST\EWARM\IAR_TEST\Obj\CMSIS_6603591812247902717.dir
[2] = C:\Projects\Meteo-ESP32\IAR_TEST\EWARM\IAR_TEST\Obj\Core_13247989168731456611.dir
[3] = C:\Projects\Meteo-ESP32\IAR_TEST\EWARM\IAR_TEST\Obj\EWARM_18443280873093131863.dir
[4] = C:\Projects\Meteo-ESP32\IAR_TEST\EWARM\IAR_TEST\Obj\STM32F4xx_HAL_Driver_1244631019742807970.dir
[5] = C:\Projects\Meteo-ESP32\IAR_TEST\EWARM\IAR_TEST\Obj\libTest_584114114676453593.dir
[6] = dl7M_tln.a
[7] = m7M_tls.a
[8] = rt7M_tl.a
[9] = shb_l.a

  3'678 bytes of readonly  code memory
     42 bytes of readonly  data memory
  1'044 bytes of readwrite data memory

Errors: none
Warnings: none
